// Jest Snapshot v1, https://goo.gl/fbAQLP

exports[`useTheme \`style\` converts \`theme\` param to style object 1`] = `
Object {
  "--foo": "bar",
}
`;

exports[`useTheme renders 1`] = `
Object {
  "getTheme": [Function],
  "getVariable": [Function],
  "ref": Object {
    "current": null,
  },
  "removeVariable": [Function],
  "setRef": [Function],
  "setTheme": [Function],
  "setVariable": [Function],
  "style": Object {
    "--foo": "bar",
  },
}
`;
